// Vitest Snapshot v1, https://vitest.dev/guide/snapshot.html

exports[`CommitList/EmptyRepo matches snapshot 1`] = `
<div>
  <div
    class="space-y-6"
  >
    <div>
      <div
        class="animate-pulse rounded-md bg-muted mb-2 h-3 w-32"
        data-slot="skeleton"
      />
      <div
        class="divide-border border-border divide-y overflow-hidden rounded-md border"
      >
        <div
          class="flex items-center gap-3 px-4 py-3"
        >
          <div
            class="animate-pulse bg-muted size-4 rounded-sm"
            data-slot="skeleton"
          />
          <div
            class="flex-1 space-y-1.5"
          >
            <div
              class="animate-pulse rounded-md bg-muted h-4 w-2/3"
              data-slot="skeleton"
            />
            <div
              class="animate-pulse rounded-md bg-muted h-3 w-1/4"
              data-slot="skeleton"
            />
          </div>
          <div
            class="animate-pulse rounded-md bg-muted h-3 w-14"
            data-slot="skeleton"
          />
        </div>
        <div
          class="flex items-center gap-3 px-4 py-3"
        >
          <div
            class="animate-pulse bg-muted size-4 rounded-sm"
            data-slot="skeleton"
          />
          <div
            class="flex-1 space-y-1.5"
          >
            <div
              class="animate-pulse rounded-md bg-muted h-4 w-2/3"
              data-slot="skeleton"
            />
            <div
              class="animate-pulse rounded-md bg-muted h-3 w-1/4"
              data-slot="skeleton"
            />
          </div>
          <div
            class="animate-pulse rounded-md bg-muted h-3 w-14"
            data-slot="skeleton"
          />
        </div>
        <div
          class="flex items-center gap-3 px-4 py-3"
        >
          <div
            class="animate-pulse bg-muted size-4 rounded-sm"
            data-slot="skeleton"
          />
          <div
            class="flex-1 space-y-1.5"
          >
            <div
              class="animate-pulse rounded-md bg-muted h-4 w-2/3"
              data-slot="skeleton"
            />
            <div
              class="animate-pulse rounded-md bg-muted h-3 w-1/4"
              data-slot="skeleton"
            />
          </div>
          <div
            class="animate-pulse rounded-md bg-muted h-3 w-14"
            data-slot="skeleton"
          />
        </div>
        <div
          class="flex items-center gap-3 px-4 py-3"
        >
          <div
            class="animate-pulse bg-muted size-4 rounded-sm"
            data-slot="skeleton"
          />
          <div
            class="flex-1 space-y-1.5"
          >
            <div
              class="animate-pulse rounded-md bg-muted h-4 w-2/3"
              data-slot="skeleton"
            />
            <div
              class="animate-pulse rounded-md bg-muted h-3 w-1/4"
              data-slot="skeleton"
            />
          </div>
          <div
            class="animate-pulse rounded-md bg-muted h-3 w-14"
            data-slot="skeleton"
          />
        </div>
      </div>
    </div>
    <div>
      <div
        class="animate-pulse rounded-md bg-muted mb-2 h-3 w-32"
        data-slot="skeleton"
      />
      <div
        class="divide-border border-border divide-y overflow-hidden rounded-md border"
      >
        <div
          class="flex items-center gap-3 px-4 py-3"
        >
          <div
            class="animate-pulse bg-muted size-4 rounded-sm"
            data-slot="skeleton"
          />
          <div
            class="flex-1 space-y-1.5"
          >
            <div
              class="animate-pulse rounded-md bg-muted h-4 w-2/3"
              data-slot="skeleton"
            />
            <div
              class="animate-pulse rounded-md bg-muted h-3 w-1/4"
              data-slot="skeleton"
            />
          </div>
          <div
            class="animate-pulse rounded-md bg-muted h-3 w-14"
            data-slot="skeleton"
          />
        </div>
        <div
          class="flex items-center gap-3 px-4 py-3"
        >
          <div
            class="animate-pulse bg-muted size-4 rounded-sm"
            data-slot="skeleton"
          />
          <div
            class="flex-1 space-y-1.5"
          >
            <div
              class="animate-pulse rounded-md bg-muted h-4 w-2/3"
              data-slot="skeleton"
            />
            <div
              class="animate-pulse rounded-md bg-muted h-3 w-1/4"
              data-slot="skeleton"
            />
          </div>
          <div
            class="animate-pulse rounded-md bg-muted h-3 w-14"
            data-slot="skeleton"
          />
        </div>
        <div
          class="flex items-center gap-3 px-4 py-3"
        >
          <div
            class="animate-pulse bg-muted size-4 rounded-sm"
            data-slot="skeleton"
          />
          <div
            class="flex-1 space-y-1.5"
          >
            <div
              class="animate-pulse rounded-md bg-muted h-4 w-2/3"
              data-slot="skeleton"
            />
            <div
              class="animate-pulse rounded-md bg-muted h-3 w-1/4"
              data-slot="skeleton"
            />
          </div>
          <div
            class="animate-pulse rounded-md bg-muted h-3 w-14"
            data-slot="skeleton"
          />
        </div>
        <div
          class="flex items-center gap-3 px-4 py-3"
        >
          <div
            class="animate-pulse bg-muted size-4 rounded-sm"
            data-slot="skeleton"
          />
          <div
            class="flex-1 space-y-1.5"
          >
            <div
              class="animate-pulse rounded-md bg-muted h-4 w-2/3"
              data-slot="skeleton"
            />
            <div
              class="animate-pulse rounded-md bg-muted h-3 w-1/4"
              data-slot="skeleton"
            />
          </div>
          <div
            class="animate-pulse rounded-md bg-muted h-3 w-14"
            data-slot="skeleton"
          />
        </div>
      </div>
    </div>
  </div>
</div>
`;

exports[`CommitList/WithCommits matches snapshot 1`] = `
<div>
  <div
    class="space-y-6"
  >
    <div>
      <div
        class="animate-pulse rounded-md bg-muted mb-2 h-3 w-32"
        data-slot="skeleton"
      />
      <div
        class="divide-border border-border divide-y overflow-hidden rounded-md border"
      >
        <div
          class="flex items-center gap-3 px-4 py-3"
        >
          <div
            class="animate-pulse bg-muted size-4 rounded-sm"
            data-slot="skeleton"
          />
          <div
            class="flex-1 space-y-1.5"
          >
            <div
              class="animate-pulse rounded-md bg-muted h-4 w-2/3"
              data-slot="skeleton"
            />
            <div
              class="animate-pulse rounded-md bg-muted h-3 w-1/4"
              data-slot="skeleton"
            />
          </div>
          <div
            class="animate-pulse rounded-md bg-muted h-3 w-14"
            data-slot="skeleton"
          />
        </div>
        <div
          class="flex items-center gap-3 px-4 py-3"
        >
          <div
            class="animate-pulse bg-muted size-4 rounded-sm"
            data-slot="skeleton"
          />
          <div
            class="flex-1 space-y-1.5"
          >
            <div
              class="animate-pulse rounded-md bg-muted h-4 w-2/3"
              data-slot="skeleton"
            />
            <div
              class="animate-pulse rounded-md bg-muted h-3 w-1/4"
              data-slot="skeleton"
            />
          </div>
          <div
            class="animate-pulse rounded-md bg-muted h-3 w-14"
            data-slot="skeleton"
          />
        </div>
        <div
          class="flex items-center gap-3 px-4 py-3"
        >
          <div
            class="animate-pulse bg-muted size-4 rounded-sm"
            data-slot="skeleton"
          />
          <div
            class="flex-1 space-y-1.5"
          >
            <div
              class="animate-pulse rounded-md bg-muted h-4 w-2/3"
              data-slot="skeleton"
            />
            <div
              class="animate-pulse rounded-md bg-muted h-3 w-1/4"
              data-slot="skeleton"
            />
          </div>
          <div
            class="animate-pulse rounded-md bg-muted h-3 w-14"
            data-slot="skeleton"
          />
        </div>
        <div
          class="flex items-center gap-3 px-4 py-3"
        >
          <div
            class="animate-pulse bg-muted size-4 rounded-sm"
            data-slot="skeleton"
          />
          <div
            class="flex-1 space-y-1.5"
          >
            <div
              class="animate-pulse rounded-md bg-muted h-4 w-2/3"
              data-slot="skeleton"
            />
            <div
              class="animate-pulse rounded-md bg-muted h-3 w-1/4"
              data-slot="skeleton"
            />
          </div>
          <div
            class="animate-pulse rounded-md bg-muted h-3 w-14"
            data-slot="skeleton"
          />
        </div>
      </div>
    </div>
    <div>
      <div
        class="animate-pulse rounded-md bg-muted mb-2 h-3 w-32"
        data-slot="skeleton"
      />
      <div
        class="divide-border border-border divide-y overflow-hidden rounded-md border"
      >
        <div
          class="flex items-center gap-3 px-4 py-3"
        >
          <div
            class="animate-pulse bg-muted size-4 rounded-sm"
            data-slot="skeleton"
          />
          <div
            class="flex-1 space-y-1.5"
          >
            <div
              class="animate-pulse rounded-md bg-muted h-4 w-2/3"
              data-slot="skeleton"
            />
            <div
              class="animate-pulse rounded-md bg-muted h-3 w-1/4"
              data-slot="skeleton"
            />
          </div>
          <div
            class="animate-pulse rounded-md bg-muted h-3 w-14"
            data-slot="skeleton"
          />
        </div>
        <div
          class="flex items-center gap-3 px-4 py-3"
        >
          <div
            class="animate-pulse bg-muted size-4 rounded-sm"
            data-slot="skeleton"
          />
          <div
            class="flex-1 space-y-1.5"
          >
            <div
              class="animate-pulse rounded-md bg-muted h-4 w-2/3"
              data-slot="skeleton"
            />
            <div
              class="animate-pulse rounded-md bg-muted h-3 w-1/4"
              data-slot="skeleton"
            />
          </div>
          <div
            class="animate-pulse rounded-md bg-muted h-3 w-14"
            data-slot="skeleton"
          />
        </div>
        <div
          class="flex items-center gap-3 px-4 py-3"
        >
          <div
            class="animate-pulse bg-muted size-4 rounded-sm"
            data-slot="skeleton"
          />
          <div
            class="flex-1 space-y-1.5"
          >
            <div
              class="animate-pulse rounded-md bg-muted h-4 w-2/3"
              data-slot="skeleton"
            />
            <div
              class="animate-pulse rounded-md bg-muted h-3 w-1/4"
              data-slot="skeleton"
            />
          </div>
          <div
            class="animate-pulse rounded-md bg-muted h-3 w-14"
            data-slot="skeleton"
          />
        </div>
        <div
          class="flex items-center gap-3 px-4 py-3"
        >
          <div
            class="animate-pulse bg-muted size-4 rounded-sm"
            data-slot="skeleton"
          />
          <div
            class="flex-1 space-y-1.5"
          >
            <div
              class="animate-pulse rounded-md bg-muted h-4 w-2/3"
              data-slot="skeleton"
            />
            <div
              class="animate-pulse rounded-md bg-muted h-3 w-1/4"
              data-slot="skeleton"
            />
          </div>
          <div
            class="animate-pulse rounded-md bg-muted h-3 w-14"
            data-slot="skeleton"
          />
        </div>
      </div>
    </div>
  </div>
</div>
`;
