// Vitest Snapshot v1, https://vitest.dev/guide/snapshot.html

exports[`Input/Default matches snapshot 1`] = `
<div>
  <input
    class="h-9 w-full min-w-0 rounded-md border border-input bg-transparent px-2.5 py-1 text-base shadow-xs transition-[color,box-shadow] outline-none file:inline-flex file:h-7 file:border-0 file:bg-transparent file:text-sm file:font-medium file:text-foreground placeholder:text-muted-foreground focus-visible:border-ring focus-visible:ring-3 focus-visible:ring-ring/50 disabled:pointer-events-none disabled:cursor-not-allowed disabled:opacity-50 aria-invalid:border-destructive aria-invalid:ring-3 aria-invalid:ring-destructive/20 md:text-sm dark:bg-input/30 dark:aria-invalid:border-destructive/50 dark:aria-invalid:ring-destructive/40"
    data-slot="input"
    id="base-ui-_r_0_"
    placeholder="Type something…"
  />
</div>
`;

exports[`Input/Disabled matches snapshot 1`] = `
<div>
  <input
    class="h-9 w-full min-w-0 rounded-md border border-input bg-transparent px-2.5 py-1 text-base shadow-xs transition-[color,box-shadow] outline-none file:inline-flex file:h-7 file:border-0 file:bg-transparent file:text-sm file:font-medium file:text-foreground placeholder:text-muted-foreground focus-visible:border-ring focus-visible:ring-3 focus-visible:ring-ring/50 disabled:pointer-events-none disabled:cursor-not-allowed disabled:opacity-50 aria-invalid:border-destructive aria-invalid:ring-3 aria-invalid:ring-destructive/20 md:text-sm dark:bg-input/30 dark:aria-invalid:border-destructive/50 dark:aria-invalid:ring-destructive/40"
    data-disabled=""
    data-slot="input"
    disabled=""
    id="base-ui-_r_2_"
    placeholder="Disabled"
  />
</div>
`;

exports[`Input/Password matches snapshot 1`] = `
<div>
  <input
    class="h-9 w-full min-w-0 rounded-md border border-input bg-transparent px-2.5 py-1 text-base shadow-xs transition-[color,box-shadow] outline-none file:inline-flex file:h-7 file:border-0 file:bg-transparent file:text-sm file:font-medium file:text-foreground placeholder:text-muted-foreground focus-visible:border-ring focus-visible:ring-3 focus-visible:ring-ring/50 disabled:pointer-events-none disabled:cursor-not-allowed disabled:opacity-50 aria-invalid:border-destructive aria-invalid:ring-3 aria-invalid:ring-destructive/20 md:text-sm dark:bg-input/30 dark:aria-invalid:border-destructive/50 dark:aria-invalid:ring-destructive/40"
    data-slot="input"
    id="base-ui-_r_3_"
    placeholder="Enter password"
    type="password"
  />
</div>
`;

exports[`Input/WithValue matches snapshot 1`] = `
<div>
  <input
    class="h-9 w-full min-w-0 rounded-md border border-input bg-transparent px-2.5 py-1 text-base shadow-xs transition-[color,box-shadow] outline-none file:inline-flex file:h-7 file:border-0 file:bg-transparent file:text-sm file:font-medium file:text-foreground placeholder:text-muted-foreground focus-visible:border-ring focus-visible:ring-3 focus-visible:ring-ring/50 disabled:pointer-events-none disabled:cursor-not-allowed disabled:opacity-50 aria-invalid:border-destructive aria-invalid:ring-3 aria-invalid:ring-destructive/20 md:text-sm dark:bg-input/30 dark:aria-invalid:border-destructive/50 dark:aria-invalid:ring-destructive/40"
    data-slot="input"
    id="base-ui-_r_1_"
    value="Hello world"
  />
</div>
`;
